764894493
854098542
884197521
654078735
0
844197552
0
884191176
0
702900000
