9600.0279346211
20008.9880112835
1379.1612770589
31691.8569429871
24752.0060621369
311590.1118012422
63460.7815384615
139916.0229885057
17923.1254237288
116065.7049576784
